false
false
false
false
2: 4 - 8
false
false
false
false
2: 4 - 8
false
false
