38.0 @ 3.0 -> 2.0, 37.9
53.0 @ 34.0 -> 31.6, 81.9
29.0 @ 37.0 -> 49.1, 105.0
23.0 @ 32.0 -> 61.3, 124.6
98.0 @ 3.0 -> 66.4, 222.4
36.0 @ 57.0 -> 96.6, 242.0
42.0 @ 69.0 -> 135.8, 257.1
6.0 @ 59.0 -> 140.9, 260.2
62.0 @ 57.0 -> 192.9, 293.9
98.0 @ 41.0 -> 257.2, 367.9
95.0 @ 47.0 -> 326.7, 432.7
90.0 @ 66.0 -> 408.9, 469.3
36.0 @ 76.0 -> 443.9, 478.0
16.0 @ 13.0 -> 447.5, 493.6
55.0 @ 74.0 -> 500.3, 508.8
713.6 @ 224.5 -> Home
