36.0 @ 10.0 -> 6.3, 35.5
100.0 @ 16.0 -> 33.8, 131.6
44.0 @ 18.0 -> 47.4, 173.4
88.0 @ 16.0 -> 71.7, 258.0
76.0 @ 59.0 -> 136.8, 297.2
69.0 @ 39.0 -> 180.2, 350.8
76.0 @ 24.0 -> 211.1, 420.2
9.0 @ 90.0 -> 220.1, 420.2
63.0 @ 99.0 -> 282.4, 410.4
48.0 @ 87.0 -> 330.3, 412.9
528.7 @ 218.7 -> Home
