30.0 @ 120.0 -> 26.0, -15.0
30.0 @ 90.0 -> 56.0, -15.0
30.0 @ 15.0 -> 63.7, 14.0
65.3 @ 257.6 -> Home
