92.0 @ 53.0 -> 73.5, 55.4
66.0 @ 100.0 -> 138.5, 43.9
68.0 @ 39.0 -> 181.3, 96.8
47.0 @ 49.0 -> 216.7, 127.6
57.0 @ 7.0 -> 223.7, 184.2
68.0 @ 98.0 -> 291.0, 174.7
58.0 @ 2.0 -> 293.0, 232.7
74.0 @ 34.0 -> 334.4, 294.0
88.0 @ 65.0 -> 414.2, 331.2
33.0 @ 32.0 -> 431.7, 359.2
50.0 @ 14.0 -> 443.8, 407.7
59.0 @ 8.0 -> 452.0, 466.1
24.0 @ 22.0 -> 461.0, 488.4
56.0 @ 31.0 -> 489.8, 536.4
726.4 @ 222.4 -> Home
