Enter the number for checking:
The number 1234567890123456 is invalid.
