[2] 0
[4] 0 6
[4] 0 6 8
[4] 0 -2
[4] 2
[4] 2 7
[4] -5
[4] -5 6
[4] 1
[4] 1 5
[4] 1 5 4
[4] 1 1
[4] 1 1 6
[4] 1 -5
[4] -4
[4] -4 4
[4] 0
