[2] 1
[4] 1 2
[4] 1 2 3
[8] 1 2 3 4
[8] 1 2 3 4 5
[8] 1 2 3 4 5 6
[8] 1 2 3 4 5 6 7
[16] 1 2 3 4 5 6 7 8
[16] 1 2 3 4 5 6 7 8 9
[16] 1 2 3 4 5 6 7 8 9 0
[16] 1 2 3 4 5 6 7 8 9
[16] 1 2 3 4 5 6 7 -1
[16] 1 2 3 4 5 6 6
[16] 1 2 3 4 5 0
[16] 1 2 3 4 5
[16] 1 2 3 -1
[16] 1 2 2
[16] 1 0
[16] 1
