[2] 6
[4] 6 2
[4] 6 2 8
[4] 6 10
[4] 6 10 3
[8] 6 10 3 7
[8] 6 10 10
[8] 6 10 10 3
[8] 6 10 13
[8] 6 23
[8] 29
[8] 29 3
[8] 26
[8] 26 4
[8] 30
[8] 30 9
[8] 21
