[2] 4
[4] 4 4
[4] 8
[4] 8 3
[4] 11
[4] 11 3
[4] 8
