 tlas     dne elddim  lufniap  lli    rehtorb    
rehtorb
t
