os-os  elas hsibbur  knurd    gnitseretni   rebmeceD sucof    ebyam  noonretfa    
gnitseretni
e
