torrap    erit     emityad eulb     rehtehw  das   gabdnah         
gabdnah
d
