brutsid   latipac   taem     elpuoc  deedni    elpoep lamina    edirp  
latipac
i
