sruoy   ssalc gnoma  eyb-doog    ytefas ekawa     ecilop  aciremA  
eyb-doog
-
d
