   revir dnim    laiceps   hctac    tcurtsni   
tcurtsni
r
t
