    kcab  etalsnart     rettub     evorpmi  llabteksab ylf  tib     nosaer  enin     
llabteksab
t
e
